{
  "ok": false,
  "asserts": [
    {
      "ok": true,
      "number": 1,
      "name": "I have mochas woot"
    },
    {
      "ok": true,
      "number": 2,
      "name": "pending # SKIP"
    },
    {
      "ok": false,
      "number": 3,
      "name": "I have mochas fail"
    },
    {
      "ok": false,
      "number": 4,
      "name": "I have mochas async fail"
    }
  ],
  "pass": [
    {
      "ok": true,
      "number": 1,
      "name": "I have mochas woot"
    },
    {
      "ok": true,
      "number": 2,
      "name": "pending # SKIP"
    }
  ],
  "fail": [
    {
      "ok": false,
      "number": 3,
      "name": "I have mochas fail"
    },
    {
      "ok": false,
      "number": 4,
      "name": "I have mochas async fail"
    }
  ],
  "todo": [],
  "errors": [],
  "plan": {
    "start": 1,
    "end": 4
  }
}
