{
  "ok": true,
  "asserts": [
    {
      "ok": true,
      "number": 1,
      "name": "pending # SKIP"
    }
  ],
  "pass": [
    {
      "ok": true,
      "number": 1,
      "name": "pending # SKIP"
    }
  ],
  "fail": [],
  "todo": [],
  "errors": [],
  "plan": {
    "start": 1,
    "end": 1
  }
}